// Jest Snapshot v1, https://goo.gl/fbAQLP

exports[`render component DialogMessage 1`] = `<div />`;
