// Jest Snapshot v1, https://goo.gl/fbAQLP

exports[`render component ImageHome 1`] = `
<div>
  <div
    class="MuiBox-root css-1lgihvy"
  >
    <span
      style="box-sizing: border-box; display: inline-block; overflow: hidden; background: none; opacity: 1; border: 0px; margin: 0px; padding: 0px; position: relative; max-width: 100%;"
    >
      <span
        style="box-sizing: border-box; display: block; background: none; opacity: 1; border: 0px; margin: 0px; padding: 0px; max-width: 100%;"
      >
        <img
          alt=""
          aria-hidden="true"
          src="data:image/svg+xml,%3csvg%20xmlns=%27http://www.w3.org/2000/svg%27%20version=%271.1%27%20width=%270%27%20height=%270%27/%3e"
          style="display: block; max-width: 100%; background: none; opacity: 1; border: 0px; margin: 0px; padding: 0px;"
        />
      </span>
      <img
        alt="img-slot-t"
        data-nimg="intrinsic"
        decoding="async"
        src="data:image/gif;base64,R0lGODlhAQABAIAAAAAAAP///yH5BAEAAAAALAAAAAABAAEAAAIBRAA7"
        style="position: absolute; top: 0px; left: 0px; bottom: 0px; right: 0px; box-sizing: border-box; padding: 0px; margin: auto; display: block; width: 0px; height: 0px; min-width: 100%; max-width: 100%; min-height: 100%; max-height: 100%;"
      />
      <noscript />
    </span>
  </div>
</div>
`;

exports[`render component InformationDataUser 1`] = `
<div>
  <div
    class="MuiBox-root css-18z1sft"
  >
    <div>
      <span
        class="css-yzbrn7"
        style="display: flex; flex-direction: column; justify-content: center; align-items: center; font-size: 2rem; margin-bottom: 20px; text-align: center;"
      >
        Ya casi terminas
      </span>
      <span
        class="css-8rchdx"
        style="font-size: 1.5rem; display: block; text-align: center;"
      >
        Completa los datos y participa por el premiazo
      </span>
    </div>
    <div>
      <button
        class="MuiButton-root MuiButton-contained MuiButton-containedPrimary MuiButton-sizeMedium MuiButton-containedSizeMedium MuiButtonBase-root  css-sghohy-MuiButtonBase-root-MuiButton-root"
        style="font-size: 1.4rem; padding-left: 40px; padding-right: 40px; border-radius: 80px;"
        tabindex="0"
        type="button"
      >
        <div>
          <div>
            Clic Aquí
          </div>
          <div
            style="font-size: 1rem;"
          >
            y completa tus datos
          </div>
        </div>
        <span
          class="MuiTouchRipple-root css-8je8zh-MuiTouchRipple-root"
        />
      </button>
    </div>
  </div>
</div>
`;

exports[`render component InformationHome 1`] = `
<div>
  <div
    class="MuiBox-root css-18z1sft"
  >
    <div>
      <span
        class="css-yzbrn7"
        style="display: flex; flex-direction: column; justify-content: center; align-items: center; font-size: 2rem; margin-bottom: 20px; text-align: center;"
      >
        Ya casi terminas
      </span>
      <span
        class="css-8rchdx"
        style="font-size: 1.5rem; display: block; text-align: center;"
      >
        Completa los datos y participa por el premiazo
      </span>
    </div>
    <div>
      <button
        class="MuiButton-root MuiButton-contained MuiButton-containedPrimary MuiButton-sizeMedium MuiButton-containedSizeMedium MuiButtonBase-root  css-sghohy-MuiButtonBase-root-MuiButton-root"
        style="font-size: 1.4rem; padding-left: 40px; padding-right: 40px; border-radius: 80px;"
        tabindex="0"
        type="button"
      >
        <div>
          <div>
            Clic Aquí
          </div>
          <div
            style="font-size: 1rem;"
          >
            y completa tus datos
          </div>
        </div>
        <span
          class="MuiTouchRipple-root css-8je8zh-MuiTouchRipple-root"
        />
      </button>
    </div>
  </div>
</div>
`;
